Archive member included because of file (symbol)

c:/freescale/kds_v3/toolchain/bin/../lib/gcc/arm-none-eabi/4.8.4/armv6-m\libgcc.a(_udivsi3.o)
                              ./Project_Settings/Startup_Code/system_MKL25Z4.o (__aeabi_uidiv)
c:/freescale/kds_v3/toolchain/bin/../lib/gcc/arm-none-eabi/4.8.4/armv6-m\libgcc.a(_dvmd_tls.o)
                              c:/freescale/kds_v3/toolchain/bin/../lib/gcc/arm-none-eabi/4.8.4/armv6-m\libgcc.a(_udivsi3.o) (__aeabi_idiv0)
c:/freescale/kds_v3/toolchain/bin/../lib/gcc/arm-none-eabi/4.8.4/../../../../arm-none-eabi/lib/armv6-m\libg_s.a(lib_a-assert.o)
                              ./KSDK/hal/fsl_i2c_hal.o (__assert_func)
c:/freescale/kds_v3/toolchain/bin/../lib/gcc/arm-none-eabi/4.8.4/../../../../arm-none-eabi/lib/armv6-m\libg_s.a(lib_a-exit.o)
                              c:/freescale/kds_v3/toolchain/bin/../lib/gcc/arm-none-eabi/4.8.4/../../../../arm-none-eabi/lib/armv6-m/crt0.o (exit)
c:/freescale/kds_v3/toolchain/bin/../lib/gcc/arm-none-eabi/4.8.4/../../../../arm-none-eabi/lib/armv6-m\libg_s.a(lib_a-fprintf.o)
                              c:/freescale/kds_v3/toolchain/bin/../lib/gcc/arm-none-eabi/4.8.4/../../../../arm-none-eabi/lib/armv6-m\libg_s.a(lib_a-assert.o) (fiprintf)
c:/freescale/kds_v3/toolchain/bin/../lib/gcc/arm-none-eabi/4.8.4/../../../../arm-none-eabi/lib/armv6-m\libg_s.a(lib_a-impure.o)
                              c:/freescale/kds_v3/toolchain/bin/../lib/gcc/arm-none-eabi/4.8.4/../../../../arm-none-eabi/lib/armv6-m\libg_s.a(lib_a-exit.o) (_global_impure_ptr)
c:/freescale/kds_v3/toolchain/bin/../lib/gcc/arm-none-eabi/4.8.4/../../../../arm-none-eabi/lib/armv6-m\libg_s.a(lib_a-init.o)
                              c:/freescale/kds_v3/toolchain/bin/../lib/gcc/arm-none-eabi/4.8.4/../../../../arm-none-eabi/lib/armv6-m/crt0.o (__libc_init_array)
c:/freescale/kds_v3/toolchain/bin/../lib/gcc/arm-none-eabi/4.8.4/../../../../arm-none-eabi/lib/armv6-m\libg_s.a(lib_a-memcpy-stub.o)
                              ./Sources/FreeRTOS/src/queue.o (memcpy)
c:/freescale/kds_v3/toolchain/bin/../lib/gcc/arm-none-eabi/4.8.4/../../../../arm-none-eabi/lib/armv6-m\libg_s.a(lib_a-memset.o)
                              c:/freescale/kds_v3/toolchain/bin/../lib/gcc/arm-none-eabi/4.8.4/../../../../arm-none-eabi/lib/armv6-m/crt0.o (memset)
c:/freescale/kds_v3/toolchain/bin/../lib/gcc/arm-none-eabi/4.8.4/../../../../arm-none-eabi/lib/armv6-m\libg_s.a(lib_a-sprintf.o)
                              ./Sources/main.o (sprintf)
c:/freescale/kds_v3/toolchain/bin/../lib/gcc/arm-none-eabi/4.8.4/../../../../arm-none-eabi/lib/armv6-m\libg_s.a(lib_a-strcpy.o)
                              ./Sources/main.o (strcpy)
c:/freescale/kds_v3/toolchain/bin/../lib/gcc/arm-none-eabi/4.8.4/../../../../arm-none-eabi/lib/armv6-m\libg_s.a(lib_a-strlen.o)
                              ./Sources/main.o (strlen)
c:/freescale/kds_v3/toolchain/bin/../lib/gcc/arm-none-eabi/4.8.4/../../../../arm-none-eabi/lib/armv6-m\libg_s.a(lib_a-svfprintf.o)
                              c:/freescale/kds_v3/toolchain/bin/../lib/gcc/arm-none-eabi/4.8.4/../../../../arm-none-eabi/lib/armv6-m\libg_s.a(lib_a-sprintf.o) (_svfprintf_r)
c:/freescale/kds_v3/toolchain/bin/../lib/gcc/arm-none-eabi/4.8.4/../../../../arm-none-eabi/lib/armv6-m\libg_s.a(lib_a-vfprintf.o)
                              c:/freescale/kds_v3/toolchain/bin/../lib/gcc/arm-none-eabi/4.8.4/../../../../arm-none-eabi/lib/armv6-m\libg_s.a(lib_a-fprintf.o) (_vfprintf_r)
c:/freescale/kds_v3/toolchain/bin/../lib/gcc/arm-none-eabi/4.8.4/../../../../arm-none-eabi/lib/armv6-m\libg_s.a(lib_a-vfprintf_i.o)
                              c:/freescale/kds_v3/toolchain/bin/../lib/gcc/arm-none-eabi/4.8.4/../../../../arm-none-eabi/lib/armv6-m\libg_s.a(lib_a-svfprintf.o) (_printf_i)
c:/freescale/kds_v3/toolchain/bin/../lib/gcc/arm-none-eabi/4.8.4/../../../../arm-none-eabi/lib/armv6-m\libg_s.a(lib_a-wbuf.o)
                              c:/freescale/kds_v3/toolchain/bin/../lib/gcc/arm-none-eabi/4.8.4/../../../../arm-none-eabi/lib/armv6-m\libg_s.a(lib_a-vfprintf.o) (__swbuf_r)
c:/freescale/kds_v3/toolchain/bin/../lib/gcc/arm-none-eabi/4.8.4/../../../../arm-none-eabi/lib/armv6-m\libg_s.a(lib_a-wsetup.o)
                              c:/freescale/kds_v3/toolchain/bin/../lib/gcc/arm-none-eabi/4.8.4/../../../../arm-none-eabi/lib/armv6-m\libg_s.a(lib_a-vfprintf.o) (__swsetup_r)
c:/freescale/kds_v3/toolchain/bin/../lib/gcc/arm-none-eabi/4.8.4/../../../../arm-none-eabi/lib/armv6-m\libg_s.a(lib_a-abort.o)
                              c:/freescale/kds_v3/toolchain/bin/../lib/gcc/arm-none-eabi/4.8.4/../../../../arm-none-eabi/lib/armv6-m\libg_s.a(lib_a-assert.o) (abort)
c:/freescale/kds_v3/toolchain/bin/../lib/gcc/arm-none-eabi/4.8.4/../../../../arm-none-eabi/lib/armv6-m\libg_s.a(lib_a-fflush.o)
                              c:/freescale/kds_v3/toolchain/bin/../lib/gcc/arm-none-eabi/4.8.4/../../../../arm-none-eabi/lib/armv6-m\libg_s.a(lib_a-wbuf.o) (_fflush_r)
[...]
Memory Configuration

Name             Origin             Length             Attributes
m_interrupts     0x00000000         0x00000100         xr
m_flash_config   0x00000400         0x00000010         xr
m_text           0x00000410         0x0001fbf0         xr
m_data           0x1ffff000         0x00004000         rw
*default*        0x00000000         0xffffffff

Linker script and memory map

LOAD c:/freescale/kds_v3/toolchain/bin/../lib/gcc/arm-none-eabi/4.8.4/armv6-m/crti.o
LOAD c:/freescale/kds_v3/toolchain/bin/../lib/gcc/arm-none-eabi/4.8.4/armv6-m/crtbegin.o
LOAD c:/freescale/kds_v3/toolchain/bin/../lib/gcc/arm-none-eabi/4.8.4/../../../../arm-none-eabi/lib/armv6-m/crt0.o
LOAD ./Sources/FreeRTOS/src/croutine.o
LOAD ./Sources/FreeRTOS/src/event_groups.o
LOAD ./Sources/FreeRTOS/src/heap_1.o
LOAD ./Sources/FreeRTOS/src/heap_2.o
LOAD ./Sources/FreeRTOS/src/heap_3.o
LOAD ./Sources/FreeRTOS/src/heap_4.o
LOAD ./Sources/FreeRTOS/src/list.o
LOAD ./Sources/FreeRTOS/src/queue.o
LOAD ./Sources/FreeRTOS/src/tasks.o
LOAD ./Sources/FreeRTOS/src/timers.o
LOAD ./Sources/FreeRTOS/port/port.o
LOAD ./Sources/FreeRTOS/startup_MKL25Z4.o
LOAD ./Sources/InfoDisp.o
LOAD ./Sources/SPI_MKL25Z4.o
LOAD ./Sources/drv_gpio.o
LOAD ./Sources/drv_lcd.o
LOAD ./Sources/main.o
LOAD ./Project_Settings/Startup_Code/system_MKL25Z4.o
LOAD ./KSDK/hal/fsl_i2c_hal.o
LOAD ./KSDK/hal/fsl_misc_utilities.o
LOAD ./KSDK/hal/fsl_spi_hal.o
LOAD c:/freescale/kds_v3/toolchain/bin/../lib/gcc/arm-none-eabi/4.8.4/../../../../arm-none-eabi/lib/armv6-m\libstdc++_s.a
LOAD c:/freescale/kds_v3/toolchain/bin/../lib/gcc/arm-none-eabi/4.8.4/../../../../arm-none-eabi/lib/armv6-m\libm.a
START GROUP
LOAD c:/freescale/kds_v3/toolchain/bin/../lib/gcc/arm-none-eabi/4.8.4/armv6-m\libgcc.a
LOAD c:/freescale/kds_v3/toolchain/bin/../lib/gcc/arm-none-eabi/4.8.4/../../../../arm-none-eabi/lib/armv6-m\libg_s.a
LOAD c:/freescale/kds_v3/toolchain/bin/../lib/gcc/arm-none-eabi/4.8.4/../../../../arm-none-eabi/lib/armv6-m\libc_s.a
END GROUP
START GROUP
LOAD c:/freescale/kds_v3/toolchain/bin/../lib/gcc/arm-none-eabi/4.8.4/armv6-m\libgcc.a
LOAD c:/freescale/kds_v3/toolchain/bin/../lib/gcc/arm-none-eabi/4.8.4/../../../../arm-none-eabi/lib/armv6-m\libc_s.a
LOAD c:/freescale/kds_v3/toolchain/bin/../lib/gcc/arm-none-eabi/4.8.4/../../../../arm-none-eabi/lib/armv6-m\libnosys.a
END GROUP
START GROUP
LOAD c:/freescale/kds_v3/toolchain/bin/../lib/gcc/arm-none-eabi/4.8.4/armv6-m\libgcc.a
LOAD c:/freescale/kds_v3/toolchain/bin/../lib/gcc/arm-none-eabi/4.8.4/../../../../arm-none-eabi/lib/armv6-m\libc_s.a
LOAD c:/freescale/kds_v3/toolchain/bin/../lib/gcc/arm-none-eabi/4.8.4/../../../../arm-none-eabi/lib/armv6-m\libnosys.a
END GROUP
LOAD c:/freescale/kds_v3/toolchain/bin/../lib/gcc/arm-none-eabi/4.8.4/armv6-m/crtend.o
LOAD c:/freescale/kds_v3/toolchain/bin/../lib/gcc/arm-none-eabi/4.8.4/armv6-m/crtn.o
                0x00000400                HEAP_SIZE = DEFINED (__heap_size__)?__heap_size__:0x400
                0x00000400                STACK_SIZE = DEFINED (__stack_size__)?__stack_size__:0x400

.interrupts     0x00000000       0xc0
                0x00000000                __VECTOR_TABLE = .
                0x00000000                . = ALIGN (0x4)
 *(.isr_vector)
 .isr_vector    0x00000000       0xc0 ./Sources/FreeRTOS/startup_MKL25Z4.o
                0x00000000                __isr_vector
                0x000000c0                . = ALIGN (0x4)

.flash_config   0x00000400       0x10
                0x00000400                . = ALIGN (0x4)
 *(.FlashConfig)
 .FlashConfig   0x00000400       0x10 ./Sources/FreeRTOS/startup_MKL25Z4.o
                0x00000410                . = ALIGN (0x4)

.text           0x00000410     0x5da8
                0x00000410                . = ALIGN (0x4)
 *(.text)
 .text          0x00000410       0x60 c:/freescale/kds_v3/toolchain/bin/../lib/gcc/arm-none-eabi/4.8.4/armv6-m/crtbegin.o
 .text          0x00000470       0x78 c:/freescale/kds_v3/toolchain/bin/../lib/gcc/arm-none-eabi/4.8.4/../../../../arm-none-eabi/lib/armv6-m/crt0.o
                0x00000470                _start
                0x00000470                _mainCRTStartup
 .text          0x000004e8       0x34 ./Sources/FreeRTOS/startup_MKL25Z4.o
                0x000004e8                Reset_Handler
                0x00000514                HardFault_Handler
                0x00000514                SysTick_Handler
                0x00000514                PendSV_Handler
                0x00000514                NMI_Handler
                0x00000514                I2C1_IRQHandler
                0x00000514                UART1_IRQHandler
                0x00000514                DMA2_IRQHandler
                0x00000514                TPM0_IRQHandler
                0x00000514                LLWU_IRQHandler
                0x00000514                TSI0_IRQHandler
                0x00000514                UART0_IRQHandler
                0x00000514                ADC0_IRQHandler
                0x00000514                Reserved39_IRQHandler
                0x00000514                SPI1_IRQHandler
                0x00000514                DefaultISR
                0x00000514                PORTD_IRQHandler
                0x00000514                RTC_IRQHandler
                0x00000514                I2C0_IRQHandler
                0x00000514                RTC_Seconds_IRQHandler
                0x00000514                MCG_IRQHandler
                0x00000514                UART2_IRQHandler
                0x00000514                Reserved20_IRQHandler
                0x00000514                USB0_IRQHandler
                0x00000514                PIT_IRQHandler
                0x00000514                SVC_Handler
                0x00000514                DMA3_IRQHandler
                0x00000514                DMA0_IRQHandler
                0x00000514                DAC0_IRQHandler
                0x00000514                Reserved45_IRQHandler
                0x00000514                TPM1_IRQHandler
                0x00000514                LVD_LVW_IRQHandler
                0x00000514                SPI0_IRQHandler
                0x00000514                PORTA_IRQHandler
                0x00000514                FTFA_IRQHandler
                0x00000514                LPTMR0_IRQHandler
                0x00000514                CMP0_IRQHandler
                0x00000514                DMA1_IRQHandler
 .text          0x0000051c       0x9c c:/freescale/kds_v3/toolchain/bin/../lib/gcc/arm-none-eabi/4.8.4/armv6-m\libgcc.a(_udivsi3.o)
                0x0000051c                __aeabi_uidiv
                0x0000051c                __udivsi3
                0x000005a4                __aeabi_uidivmod
 .text          0x000005b8        0x4 c:/freescale/kds_v3/toolchain/bin/../lib/gcc/arm-none-eabi/4.8.4/armv6-m\libgcc.a(_dvmd_tls.o)
                0x000005b8                __aeabi_idiv0
                0x000005b8                __aeabi_ldiv0
 *(.text*)
 .text.pvPortMalloc
                0x000005bc      0x118 ./Sources/FreeRTOS/src/heap_2.o
                0x000005bc                pvPortMalloc
 .text.vPortFree
                0x000006d4       0x70 ./Sources/FreeRTOS/src/heap_2.o
                0x000006d4                vPortFree
 .text.prvHeapInit
                0x00000744       0x4c ./Sources/FreeRTOS/src/heap_2.o
 .text.vListInitialise
                0x00000790       0x3c ./Sources/FreeRTOS/src/list.o
                0x00000790                vListInitialise
 .text.vListInitialiseItem
                0x000007cc       0x14 ./Sources/FreeRTOS/src/list.o
                0x000007cc                vListInitialiseItem
 .text.vListInsertEnd
                0x000007e0       0x44 ./Sources/FreeRTOS/src/list.o
                0x000007e0                vListInsertEnd
 .text.vListInsert
                0x00000824       0x6c ./Sources/FreeRTOS/src/list.o
                0x00000824                vListInsert
 .text.uxListRemove
                0x00000890       0x50 ./Sources/FreeRTOS/src/list.o
                0x00000890                uxListRemove
 .text.xQueueCreateMutex
                0x000008e0       0x8c ./Sources/FreeRTOS/src/queue.o
                0x000008e0                xQueueCreateMutex
 .text.xQueueGenericSend
                0x0000096c      0x180 ./Sources/FreeRTOS/src/queue.o
                0x0000096c                xQueueGenericSend
 .text.xQueueGenericReceive
                0x00000aec      0x1bc ./Sources/FreeRTOS/src/queue.o
                0x00000aec                xQueueGenericReceive
 .text.prvCopyDataToQueue
                0x00000ca8       0xd4 ./Sources/FreeRTOS/src/queue.o
 .text.prvCopyDataFromQueue
                0x00000d7c       0x50 ./Sources/FreeRTOS/src/queue.o
 .text.prvUnlockQueue
                0x00000dcc       0x98 ./Sources/FreeRTOS/src/queue.o
 .text.prvIsQueueEmpty
                0x00000e64       0x2c ./Sources/FreeRTOS/src/queue.o
 .text.prvIsQueueFull
                0x00000e90       0x30 ./Sources/FreeRTOS/src/queue.o
 .text.xTaskGenericCreate
                0x00000ec0      0x16c ./Sources/FreeRTOS/src/tasks.o
                0x00000ec0                xTaskGenericCreate
 .text.vTaskDelayUntil
                0x0000102c       0xc0 ./Sources/FreeRTOS/src/tasks.o
                0x0000102c                vTaskDelayUntil
 .text.vTaskDelay
                0x000010ec       0x64 ./Sources/FreeRTOS/src/tasks.o
                0x000010ec                vTaskDelay
 .text.vTaskStartScheduler
                0x00001150       0x64 ./Sources/FreeRTOS/src/tasks.o
                0x00001150                vTaskStartScheduler
 .text.vTaskSuspendAll
                0x000011b4       0x18 ./Sources/FreeRTOS/src/tasks.o
                0x000011b4                vTaskSuspendAll
 .text.xTaskResumeAll
                0x000011cc      0x108 ./Sources/FreeRTOS/src/tasks.o
                0x000011cc                xTaskResumeAll
 .text.xTaskGetTickCount
                0x000012d4       0x24 ./Sources/FreeRTOS/src/tasks.o
                0x000012d4                xTaskGetTickCount
 .text.xTaskIncrementTick
                0x000012f8      0x16c ./Sources/FreeRTOS/src/tasks.o
                0x000012f8                xTaskIncrementTick
 .text.vTaskSwitchContext
                0x00001464       0xa0 ./Sources/FreeRTOS/src/tasks.o
                0x00001464                vTaskSwitchContext
 .text.vTaskPlaceOnEventList
                0x00001504       0x6c ./Sources/FreeRTOS/src/tasks.o
                0x00001504                vTaskPlaceOnEventList
 .text.xTaskRemoveFromEventList
                0x00001570       0xb8 ./Sources/FreeRTOS/src/tasks.o
                0x00001570                xTaskRemoveFromEventList
 .text.vTaskSetTimeOutState
                0x00001628       0x30 ./Sources/FreeRTOS/src/tasks.o
                0x00001628                vTaskSetTimeOutState
 .text.xTaskCheckForTimeOut
                0x00001658       0x9c ./Sources/FreeRTOS/src/tasks.o
                0x00001658                xTaskCheckForTimeOut
 .text.vTaskMissedYield
                0x000016f4       0x14 ./Sources/FreeRTOS/src/tasks.o
                0x000016f4                vTaskMissedYield
 .text.prvIdleTask
                0x00001708       0x20 ./Sources/FreeRTOS/src/tasks.o
 .text.prvInitialiseTCBVariables
                0x00001728       0x90 ./Sources/FreeRTOS/src/tasks.o
 .text.prvInitialiseTaskLists
                0x000017b8       0x7c ./Sources/FreeRTOS/src/tasks.o
 .text.prvCheckTasksWaitingTermination
                0x00001834        0x8 ./Sources/FreeRTOS/src/tasks.o
 .text.prvAddCurrentTaskToDelayedList
                0x0000183c       0x6c ./Sources/FreeRTOS/src/tasks.o
 .text.prvAllocateTCBAndStack
                0x000018a8       0x70 ./Sources/FreeRTOS/src/tasks.o
 .text.prvResetNextTaskUnblockTime
                0x00001918       0x44 ./Sources/FreeRTOS/src/tasks.o
 .text.xTaskGetCurrentTaskHandle
                0x0000195c       0x1c ./Sources/FreeRTOS/src/tasks.o
                0x0000195c                xTaskGetCurrentTaskHandle
 .text.xTaskGetSchedulerState
                0x00001978       0x38 ./Sources/FreeRTOS/src/tasks.o
                0x00001978                xTaskGetSchedulerState
 .text.vTaskPriorityInherit
                0x000019b0       0xbc ./Sources/FreeRTOS/src/tasks.o
                0x000019b0                vTaskPriorityInherit
 .text.vTaskPriorityDisinherit
                0x00001a6c       0x84 ./Sources/FreeRTOS/src/tasks.o
                0x00001a6c                vTaskPriorityDisinherit
 .text.pxPortInitialiseStack
                0x00001af0       0x50 ./Sources/FreeRTOS/port/port.o
                0x00001af0                pxPortInitialiseStack
 .text.vPortInitTickTimer
                0x00001b40       0x3c ./Sources/FreeRTOS/port/port.o
                0x00001b40                vPortInitTickTimer
 .text.vPortStartTickTimer
                0x00001b7c       0x14 ./Sources/FreeRTOS/port/port.o
                0x00001b7c                vPortStartTickTimer
 .text.xPortStartScheduler
                0x00001b90       0x34 ./Sources/FreeRTOS/port/port.o
                0x00001b90                xPortStartScheduler
 .text.vPortEnterCritical
                0x00001bc4       0x20 ./Sources/FreeRTOS/port/port.o
                0x00001bc4                vPortEnterCritical
 .text.vPortExitCritical
                0x00001be4       0x20 ./Sources/FreeRTOS/port/port.o
                0x00001be4                vPortExitCritical
 .text.vPortYieldFromISR
                0x00001c04       0x1c ./Sources/FreeRTOS/port/port.o
                0x00001c04                vPortYieldFromISR
 .text.vPortTickHandler
                0x00001c20       0x1c ./Sources/FreeRTOS/port/port.o
                0x00001c20                vPortTickHandler
 .text.vPortStartFirstTask
                0x00001c3c       0x1c ./Sources/FreeRTOS/port/port.o
                0x00001c3c                vPortStartFirstTask
 .text.vPortSVCHandler
                0x00001c58       0x28 ./Sources/FreeRTOS/port/port.o
                0x00001c58                vPortSVCHandler
 .text.vPortPendSVHandler
                0x00001c80       0x44 ./Sources/FreeRTOS/port/port.o
                0x00001c80                vPortPendSVHandler
 .text.NVIC_EnableIRQ
                0x00001cc4       0x2c ./Sources/InfoDisp.o
 .text.NVIC_ClearPendingIRQ
                0x00001cf0       0x2c ./Sources/InfoDisp.o
 .text.NVIC_SetPriority
                0x00001d1c       0xe0 ./Sources/InfoDisp.o
 .text.DispInit
                0x00001dfc      0x158 ./Sources/InfoDisp.o
                0x00001dfc                DispInit
 .text.SetBit   0x00001f54      0x418 ./Sources/InfoDisp.o
                0x00001f54                SetBit
 .text.Clear    0x0000236c       0x48 ./Sources/InfoDisp.o
                0x0000236c                Clear
 .text.Fill     0x000023b4       0x48 ./Sources/InfoDisp.o
                0x000023b4                Fill
 .text.ZobrazZnak
                0x000023fc      0x164 ./Sources/InfoDisp.o
                0x000023fc                ZobrazZnak
 .text.ZobrazText
                0x00002560      0x13c ./Sources/InfoDisp.o
                0x00002560                ZobrazText
 .text.TPM2_IRQHandler
                0x0000269c      0x2b4 ./Sources/InfoDisp.o
                0x0000269c                TPM2_IRQHandler
 .text.NVIC_DisableIRQ
                0x00002950       0x2c ./Sources/SPI_MKL25Z4.o
 .text.SPI_HAL_Enable
                0x0000297c       0x1c ./Sources/SPI_MKL25Z4.o
 .text.SPI_HAL_Disable
                0x00002998       0x1c ./Sources/SPI_MKL25Z4.o
 .text.SPI_HAL_SetMasterSlave
                0x000029b4       0x28 ./Sources/SPI_MKL25Z4.o
 .text.SPI_HAL_IsReadBuffFullPending
                0x000029dc       0x20 ./Sources/SPI_MKL25Z4.o
 .text.SPI_HAL_IsTxBuffEmptyPending
                0x000029fc       0x24 ./Sources/SPI_MKL25Z4.o
 .text.SPI_HAL_ReadData
                0x00002a20       0x18 ./Sources/SPI_MKL25Z4.o
 .text.SPI_HAL_WriteData
                0x00002a38       0x1c ./Sources/SPI_MKL25Z4.o
 .text.PINS_PinConfigure
                0x00002a54       0x38 ./Sources/SPI_MKL25Z4.o
 .text.PINS_PinCodeToPortClockMask
                0x00002a8c       0x54 ./Sources/SPI_MKL25Z4.o
 .text.PINS_EnablePinPortClock
                0x00002ae0       0x38 ./Sources/SPI_MKL25Z4.o
 .text.SPI_GetClockFreq
                0x00002b18       0x38 ./Sources/SPI_MKL25Z4.o
 .text.SPI_GetVersion
                0x00002b50       0x34 ./Sources/SPI_MKL25Z4.o
 .text.SPI_GetCapabilities
                0x00002b84       0x1c ./Sources/SPI_MKL25Z4.o
 .text.SPIx_Initialize
                0x00002ba0       0xc0 ./Sources/SPI_MKL25Z4.o
 .text.SPIx_Uninitialize
                0x00002c60       0x4c ./Sources/SPI_MKL25Z4.o
                0x00002c60                SPIx_Uninitialize
 .text.SPIx_PowerControl
                0x00002cac      0x168 ./Sources/SPI_MKL25Z4.o
                0x00002cac                SPIx_PowerControl
 .text.SPIx_Send
                0x00002e14       0xcc ./Sources/SPI_MKL25Z4.o
                0x00002e14                SPIx_Send
 .text.SPIx_Receive
                0x00002ee0       0xd0 ./Sources/SPI_MKL25Z4.o
                0x00002ee0                SPIx_Receive
 .text.SPIx_Transfer
                0x00002fb0       0xdc ./Sources/SPI_MKL25Z4.o
                0x00002fb0                SPIx_Transfer
 .text.SPIx_GetDataCount
                0x0000308c       0x14 ./Sources/SPI_MKL25Z4.o
                0x0000308c                SPIx_GetDataCount
 .text.SPIx_Control
                0x000030a0      0x250 ./Sources/SPI_MKL25Z4.o
                0x000030a0                SPIx_Control
 .text.SPIx_GetStatus
                0x000032f0       0x18 ./Sources/SPI_MKL25Z4.o
                0x000032f0                SPIx_GetStatus
 .text.SPI0_Initialize
                0x00003308       0x24 ./Sources/SPI_MKL25Z4.o
 .text.SPI0_Uninitialize
                0x0000332c       0x18 ./Sources/SPI_MKL25Z4.o
 .text.SPI0_PowerControl
                0x00003344       0x28 ./Sources/SPI_MKL25Z4.o
 .text.SPI0_Send
                0x0000336c       0x28 ./Sources/SPI_MKL25Z4.o
 .text.SPI0_Receive
                0x00003394       0x28 ./Sources/SPI_MKL25Z4.o
 .text.SPI0_Transfer
                0x000033bc       0x24 ./Sources/SPI_MKL25Z4.o
 .text.SPI0_Control
                0x000033e0       0x28 ./Sources/SPI_MKL25Z4.o
 .text.SPI0_GetStatus
                0x00003408       0x18 ./Sources/SPI_MKL25Z4.o
 .text.SPI0_GetDataCount
                0x00003420       0x18 ./Sources/SPI_MKL25Z4.o
 .text.GPIO_Initialize
                0x00003438       0x30 ./Sources/drv_gpio.o
                0x00003438                GPIO_Initialize
 .text.pinMode  0x00003468       0x84 ./Sources/drv_gpio.o
                0x00003468                pinMode
 .text.pinRead  0x000034ec       0x94 ./Sources/drv_gpio.o
                0x000034ec                pinRead
 .text.f_GPIO_set_pin_mode
                0x00003580       0xb0 ./Sources/drv_gpio.o
 .text.LCD_initialize
                0x00003630      0x180 ./Sources/drv_lcd.o
                0x00003630                LCD_initialize
 .text.LCD_set_cursor
                0x000037b0       0xb8 ./Sources/drv_lcd.o
                0x000037b0                LCD_set_cursor
 .text.LCD_putch
                0x00003868       0x1c ./Sources/drv_lcd.o
                0x00003868                LCD_putch
 .text.LCD_puts
                0x00003884       0x50 ./Sources/drv_lcd.o
                0x00003884                LCD_puts
 .text.LCD_clear
                0x000038d4       0x14 ./Sources/drv_lcd.o
                0x000038d4                LCD_clear
 .text.lcd_rs_put_val
                0x000038e8       0x3c ./Sources/drv_lcd.o
 .text.lcd_rw_put_val
                0x00003924       0x3c ./Sources/drv_lcd.o
 .text.lcd_e_put_val
                0x00003960       0x3c ./Sources/drv_lcd.o
 .text.lcd_db4_put_val
                0x0000399c       0x3c ./Sources/drv_lcd.o
 .text.lcd_db5_put_val
                0x000039d8       0x3c ./Sources/drv_lcd.o
 .text.lcd_db6_put_val
                0x00003a14       0x3c ./Sources/drv_lcd.o
 .text.lcd_db7_put_val
                0x00003a50       0x3c ./Sources/drv_lcd.o
 .text.lcd_db4_get_val
                0x00003a8c       0x20 ./Sources/drv_lcd.o
 .text.lcd_db5_get_val
                0x00003aac       0x20 ./Sources/drv_lcd.o
 .text.lcd_db6_get_val
                0x00003acc       0x20 ./Sources/drv_lcd.o
 .text.lcd_db7_get_val
                0x00003aec       0x20 ./Sources/drv_lcd.o
 .text.lcd_delay_us
                0x00003b0c       0x2c ./Sources/drv_lcd.o
 .text.lcd_pulse_e_pin
                0x00003b38       0x18 ./Sources/drv_lcd.o
 .text.lcd_wr_register
                0x00003b50       0xfc ./Sources/drv_lcd.o
 .text.lcd_wr_data
                0x00003c4c      0x108 ./Sources/drv_lcd.o
 .text.lcd_wait_bf
                0x00003d54      0x144 ./Sources/drv_lcd.o
 .text.main     0x00003e98       0xf0 ./Sources/main.o
                0x00003e98                main
 .text.Informace
                0x00003f88      0x5c0 ./Sources/main.o
                0x00003f88                Informace
 .text.Ovladani
                0x00004548      0x588 ./Sources/main.o
                0x00004548                Ovladani
 .text.Obrazovka
                0x00004ad0      0x2d4 ./Sources/main.o
                0x00004ad0                Obrazovka
 .text.Hodiny   0x00004da4       0xfc ./Sources/main.o
                0x00004da4                Hodiny
 .text.FlipArray
                0x00004ea0      0x144 ./Sources/main.o
                0x00004ea0                FlipArray
 .text.SystemInit
                0x00004fe4      0x178 ./Project_Settings/Startup_Code/system_MKL25Z4.o
                0x00004fe4                SystemInit
 .text.SPI_HAL_Init
                0x0000515c       0x28 ./KSDK/hal/fsl_spi_hal.o
                0x0000515c                SPI_HAL_Init
 .text.SPI_HAL_SetBaud
                0x00005184       0xd4 ./KSDK/hal/fsl_spi_hal.o
                0x00005184                SPI_HAL_SetBaud
 .text.SPI_HAL_SetSlaveSelectOutputMode
                0x00005258       0x4c ./KSDK/hal/fsl_spi_hal.o
                0x00005258                SPI_HAL_SetSlaveSelectOutputMode
 .text.SPI_HAL_SetDataFormat
                0x000052a4       0x54 ./KSDK/hal/fsl_spi_hal.o
                0x000052a4                SPI_HAL_SetDataFormat
 .text.SPI_HAL_SetIntMode
                0x000052f8       0x64 ./KSDK/hal/fsl_spi_hal.o
                0x000052f8                SPI_HAL_SetIntMode
 .text.exit     0x0000535c       0x2c c:/freescale/kds_v3/toolchain/bin/../lib/gcc/arm-none-eabi/4.8.4/../../../../arm-none-eabi/lib/armv6-m\libg_s.a(lib_a-exit.o)
                0x0000535c                exit
 .text.__libc_init_array
                0x00005388       0x4c c:/freescale/kds_v3/toolchain/bin/../lib/gcc/arm-none-eabi/4.8.4/../../../../arm-none-eabi/lib/armv6-m\libg_s.a(lib_a-init.o)
                0x00005388                __libc_init_array
 .text.memcpy   0x000053d4       0x12 c:/freescale/kds_v3/toolchain/bin/../lib/gcc/arm-none-eabi/4.8.4/../../../../arm-none-eabi/lib/armv6-m\libg_s.a(lib_a-memcpy-stub.o)
                0x000053d4                memcpy
 .text.memset   0x000053e6       0x10 c:/freescale/kds_v3/toolchain/bin/../lib/gcc/arm-none-eabi/4.8.4/../../../../arm-none-eabi/lib/armv6-m\libg_s.a(lib_a-memset.o)
                0x000053e6                memset
 *fill*         0x000053f6        0x2 
 .text.sprintf  0x000053f8       0x44 c:/freescale/kds_v3/toolchain/bin/../lib/gcc/arm-none-eabi/4.8.4/../../../../arm-none-eabi/lib/armv6-m\libg_s.a(lib_a-sprintf.o)
                0x000053f8                siprintf
                0x000053f8                sprintf
 .text.strcpy   0x0000543c       0x10 c:/freescale/kds_v3/toolchain/bin/../lib/gcc/arm-none-eabi/4.8.4/../../../../arm-none-eabi/lib/armv6-m\libg_s.a(lib_a-strcpy.o)
                0x0000543c                strcpy
 .text.strlen   0x0000544c        0xe c:/freescale/kds_v3/toolchain/bin/../lib/gcc/arm-none-eabi/4.8.4/../../../../arm-none-eabi/lib/armv6-m\libg_s.a(lib_a-strlen.o)
                0x0000544c                strlen
 *fill*         0x0000545a        0x2 
 .text.__ssputs_r
                0x0000545c       0xc0 c:/freescale/kds_v3/toolchain/bin/../lib/gcc/arm-none-eabi/4.8.4/../../../../arm-none-eabi/lib/armv6-m\libg_s.a(lib_a-svfprintf.o)
                0x0000545c                __ssputs_r
 .text._svfprintf_r
                0x0000551c      0x1e0 c:/freescale/kds_v3/toolchain/bin/../lib/gcc/arm-none-eabi/4.8.4/../../../../arm-none-eabi/lib/armv6-m\libg_s.a(lib_a-svfprintf.o)
                0x0000551c                _svfiprintf_r
                0x0000551c                _svfprintf_r
 .text._printf_common
                0x000056fc       0xe8 c:/freescale/kds_v3/toolchain/bin/../lib/gcc/arm-none-eabi/4.8.4/../../../../arm-none-eabi/lib/armv6-m\libg_s.a(lib_a-vfprintf_i.o)
                0x000056fc                _printf_common
 .text._printf_i
                0x000057e4      0x22c c:/freescale/kds_v3/toolchain/bin/../lib/gcc/arm-none-eabi/4.8.4/../../../../arm-none-eabi/lib/armv6-m\libg_s.a(lib_a-vfprintf_i.o)
                0x000057e4                _printf_i
 .text.memchr   0x00005a10       0x16 c:/freescale/kds_v3/toolchain/bin/../lib/gcc/arm-none-eabi/4.8.4/../../../../arm-none-eabi/lib/armv6-m\libg_s.a(lib_a-memchr-stub.o)
                0x00005a10                memchr
 .text.memmove  0x00005a26       0x32 c:/freescale/kds_v3/toolchain/bin/../lib/gcc/arm-none-eabi/4.8.4/../../../../arm-none-eabi/lib/armv6-m\libg_s.a(lib_a-memmove.o)
                0x00005a26                memmove
 .text._free_r  0x00005a58       0x90 c:/freescale/kds_v3/toolchain/bin/../lib/gcc/arm-none-eabi/4.8.4/../../../../arm-none-eabi/lib/armv6-m\libg_s.a(lib_a-nano-freer.o)
                0x00005a58                _free_r
 .text._malloc_r
                0x00005ae8       0xa8 c:/freescale/kds_v3/toolchain/bin/../lib/gcc/arm-none-eabi/4.8.4/../../../../arm-none-eabi/lib/armv6-m\libg_s.a(lib_a-nano-mallocr.o)
                0x00005ae8                _malloc_r
 .text._realloc_r
                0x00005b90       0x4c c:/freescale/kds_v3/toolchain/bin/../lib/gcc/arm-none-eabi/4.8.4/../../../../arm-none-eabi/lib/armv6-m\libg_s.a(lib_a-nano-reallocr.o)
                0x00005b90                _realloc_r
 .text._sbrk_r  0x00005bdc       0x24 c:/freescale/kds_v3/toolchain/bin/../lib/gcc/arm-none-eabi/4.8.4/../../../../arm-none-eabi/lib/armv6-m\libg_s.a(lib_a-sbrkr.o)
                0x00005bdc                _sbrk_r
 .text._malloc_usable_size_r
                0x00005c00       0x12 c:/freescale/kds_v3/toolchain/bin/../lib/gcc/arm-none-eabi/4.8.4/../../../../arm-none-eabi/lib/armv6-m\libg_s.a(lib_a-nano-msizer.o)
                0x00005c00                _malloc_usable_size_r
 *fill*         0x00005c12        0x2 
 .text._sbrk    0x00005c14       0x34 c:/freescale/kds_v3/toolchain/bin/../lib/gcc/arm-none-eabi/4.8.4/../../../../arm-none-eabi/lib/armv6-m\libnosys.a(sbrk.o)
                0x00005c14                _sbrk
 .text._exit    0x00005c48        0x4 c:/freescale/kds_v3/toolchain/bin/../lib/gcc/arm-none-eabi/4.8.4/../../../../arm-none-eabi/lib/armv6-m\libnosys.a(_exit.o)
                0x00005c48                _exit
 *(.rodata)
 .rodata        0x00005c4c        0x8 ./Sources/FreeRTOS/src/tasks.o
 .rodata        0x00005c54      0x148 ./Sources/main.o
 *(.rodata*)
 .rodata.Abeceda
                0x00005d9c      0x224 ./Sources/InfoDisp.o
                0x00005d9c                Abeceda
 .rodata.TPM2_IRQHandler
                0x00005fc0       0x1c ./Sources/InfoDisp.o
 .rodata.PINS_PinCodeToPortClockMask
                0x00005fdc       0x14 ./Sources/SPI_MKL25Z4.o
 .rodata.DriverVersion
                0x00005ff0        0x4 ./Sources/SPI_MKL25Z4.o
 .rodata.SPI0_Resources
                0x00005ff4       0x10 ./Sources/SPI_MKL25Z4.o
 .rodata.SPIx_Control
                0x00006004       0x54 ./Sources/SPI_MKL25Z4.o
 .rodata.Driver_SPI0
                0x00006058       0x2c ./Sources/SPI_MKL25Z4.o
                0x00006058                Driver_SPI0
 .rodata.pinMode
                0x00006084       0x40 ./Sources/drv_gpio.o
 .rodata.pinRead
                0x000060c4       0x40 ./Sources/drv_gpio.o
 .rodata.str1.1
                0x00006104        0x2 c:/freescale/kds_v3/toolchain/bin/../lib/gcc/arm-none-eabi/4.8.4/../../../../arm-none-eabi/lib/armv6-m\libg_s.a(lib_a-impure.o)
 *fill*         0x00006106        0x2 
 .rodata._global_impure_ptr
                0x00006108        0x4 c:/freescale/kds_v3/toolchain/bin/../lib/gcc/arm-none-eabi/4.8.4/../../../../arm-none-eabi/lib/armv6-m\libg_s.a(lib_a-impure.o)
                0x00006108                _global_impure_ptr
 .rodata.str1.1
                0x0000610c       0x11 c:/freescale/kds_v3/toolchain/bin/../lib/gcc/arm-none-eabi/4.8.4/../../../../arm-none-eabi/lib/armv6-m\libg_s.a(lib_a-svfprintf.o)
 .rodata.str1.1
                0x0000611d       0x22 c:/freescale/kds_v3/toolchain/bin/../lib/gcc/arm-none-eabi/4.8.4/../../../../arm-none-eabi/lib/armv6-m\libg_s.a(lib_a-vfprintf_i.o)
 *fill*         0x0000613f        0x1 
 .rodata.__sf_fake_stdin
                0x00006140       0x20 c:/freescale/kds_v3/toolchain/bin/../lib/gcc/arm-none-eabi/4.8.4/../../../../arm-none-eabi/lib/armv6-m\libg_s.a(lib_a-findfp.o)
                0x00006140                __sf_fake_stdin
 .rodata.__sf_fake_stdout
                0x00006160       0x20 c:/freescale/kds_v3/toolchain/bin/../lib/gcc/arm-none-eabi/4.8.4/../../../../arm-none-eabi/lib/armv6-m\libg_s.a(lib_a-findfp.o)
                0x00006160                __sf_fake_stdout
 .rodata.__sf_fake_stderr
                0x00006180       0x20 c:/freescale/kds_v3/toolchain/bin/../lib/gcc/arm-none-eabi/4.8.4/../../../../arm-none-eabi/lib/armv6-m\libg_s.a(lib_a-findfp.o)
                0x00006180                __sf_fake_stderr
 *(.glue_7)
 .glue_7        0x00000000        0x0 linker stubs
 *(.glue_7t)
 .glue_7t       0x00000000        0x0 linker stubs
 *(.eh_frame)
 .eh_frame      0x000061a0        0x0 c:/freescale/kds_v3/toolchain/bin/../lib/gcc/arm-none-eabi/4.8.4/armv6-m/crtbegin.o
 *(.init)
 .init          0x000061a0        0x4 c:/freescale/kds_v3/toolchain/bin/../lib/gcc/arm-none-eabi/4.8.4/armv6-m/crti.o
                0x000061a0                _init
 .init          0x000061a4        0x8 c:/freescale/kds_v3/toolchain/bin/../lib/gcc/arm-none-eabi/4.8.4/armv6-m/crtn.o
 *(.fini)
 .fini          0x000061ac        0x4 c:/freescale/kds_v3/toolchain/bin/../lib/gcc/arm-none-eabi/4.8.4/armv6-m/crti.o
                0x000061ac                _fini
 .fini          0x000061b0        0x8 c:/freescale/kds_v3/toolchain/bin/../lib/gcc/arm-none-eabi/4.8.4/armv6-m/crtn.o
                0x000061b8                . = ALIGN (0x4)

.vfp11_veneer   0x000061b8        0x0
 .vfp11_veneer  0x00000000        0x0 linker stubs

.v4_bx          0x000061b8        0x0
 .v4_bx         0x00000000        0x0 linker stubs

.iplt           0x000061b8        0x0
 .iplt          0x00000000        0x0 c:/freescale/kds_v3/toolchain/bin/../lib/gcc/arm-none-eabi/4.8.4/armv6-m/crtbegin.o

.ARM.extab
 *(.ARM.extab* .gnu.linkonce.armextab.*)

.ARM            0x000061b8        0x8
                0x000061b8                __exidx_start = .
 *(.ARM.exidx*)
 .ARM.exidx     0x000061b8        0x8 c:/freescale/kds_v3/toolchain/bin/../lib/gcc/arm-none-eabi/4.8.4/../../../../arm-none-eabi/lib/armv6-m/crt0.o
                0x000061c0                __exidx_end = .

.rel.dyn        0x000061c0        0x0
 .rel.iplt      0x00000000        0x0 c:/freescale/kds_v3/toolchain/bin/../lib/gcc/arm-none-eabi/4.8.4/armv6-m/crtbegin.o

.ctors          0x000061c0        0x0
                0x000061c0                __CTOR_LIST__ = .
 *crtbegin.o(.ctors)
 *crtbegin?.o(.ctors)
 *(EXCLUDE_FILE(*crtend.o *crtend?.o) .ctors)
 *(SORT(.ctors.*))
 *(.ctors)
                0x000061c0                __CTOR_END__ = .

.dtors          0x000061c0        0x0
                0x000061c0                __DTOR_LIST__ = .
 *crtbegin.o(.dtors)
 *crtbegin?.o(.dtors)
 *(EXCLUDE_FILE(*crtend.o *crtend?.o) .dtors)
 *(SORT(.dtors.*))
 *(.dtors)
                0x000061c0                __DTOR_END__ = .

.preinit_array  0x000061c0        0x0
                0x000061c0                PROVIDE (__preinit_array_start, .)
 *(.preinit_array*)
                0x000061c0                PROVIDE (__preinit_array_end, .)

.init_array     0x000061c0        0x4
                0x000061c0                PROVIDE (__init_array_start, .)
 *(SORT(.init_array.*))
 *(.init_array*)
 .init_array    0x000061c0        0x4 c:/freescale/kds_v3/toolchain/bin/../lib/gcc/arm-none-eabi/4.8.4/armv6-m/crtbegin.o
                0x000061c4                PROVIDE (__init_array_end, .)

.fini_array     0x000061c4        0x4
                0x000061c4                PROVIDE (__fini_array_start, .)
 *(SORT(.fini_array.*))
 *(.fini_array*)
 .fini_array    0x000061c4        0x4 c:/freescale/kds_v3/toolchain/bin/../lib/gcc/arm-none-eabi/4.8.4/armv6-m/crtbegin.o
                0x000061c8                PROVIDE (__fini_array_end, .)
                0x000061c8                __etext = .
                0x000061c8                __DATA_ROM = .

.mtb            0x1ffff000        0x0
                0x1ffff000                . = ALIGN (0x8)
                0x1ffff000                _mtb_start = .
 *(.mtb_buf)
                0x1ffff000                . = ALIGN (0x8)
                0x1ffff000                _mtb_end = .

.data           0x1ffff000      0x204 load address 0x000061c8
                0x1ffff000                . = ALIGN (0x4)
                0x1ffff000                __DATA_RAM = .
                0x1ffff000                __data_start__ = .
 *(.data)
 *(.data*)
 .data.xFreeBytesRemaining
                0x1ffff000        0x4 ./Sources/FreeRTOS/src/heap_2.o
 .data.xNextTaskUnblockTime
                0x1ffff004        0x4 ./Sources/FreeRTOS/src/tasks.o
 .data.uxCriticalNesting
                0x1ffff008        0x4 ./Sources/FreeRTOS/port/port.o
 .data.pole     0x1ffff00c       0x34 ./Sources/InfoDisp.o
                0x1ffff00c                pole
 .data.dvereStav
                0x1ffff040        0x1 ./Sources/main.o
                0x1ffff040                dvereStav
 .data.linkaStav
                0x1ffff041        0x1 ./Sources/main.o
                0x1ffff041                linkaStav
 .data.hodinyStav
                0x1ffff042        0x1 ./Sources/main.o
                0x1ffff042                hodinyStav
 *fill*         0x1ffff043        0x1 
 .data.linka1   0x1ffff044       0x98 ./Sources/main.o
                0x1ffff044                linka1
 .data.linka2   0x1ffff0dc       0xb4 ./Sources/main.o
                0x1ffff0dc                linka2
 .data.linka1Pocet
                0x1ffff190        0x4 ./Sources/main.o
                0x1ffff190                linka1Pocet
 .data.linka2Pocet
                0x1ffff194        0x4 ./Sources/main.o
                0x1ffff194                linka2Pocet
 .data.maxLinka
                0x1ffff198        0x4 ./Sources/main.o
                0x1ffff198                maxLinka
 .data.impure_data
                0x1ffff19c       0x60 c:/freescale/kds_v3/toolchain/bin/../lib/gcc/arm-none-eabi/4.8.4/../../../../arm-none-eabi/lib/armv6-m\libg_s.a(lib_a-impure.o)
 .data._impure_ptr
                0x1ffff1fc        0x4 c:/freescale/kds_v3/toolchain/bin/../lib/gcc/arm-none-eabi/4.8.4/../../../../arm-none-eabi/lib/armv6-m\libg_s.a(lib_a-impure.o)
                0x1ffff1fc                _impure_ptr
 *(.jcr*)
 .jcr           0x1ffff200        0x0 c:/freescale/kds_v3/toolchain/bin/../lib/gcc/arm-none-eabi/4.8.4/armv6-m/crtbegin.o
 .jcr           0x1ffff200        0x4 c:/freescale/kds_v3/toolchain/bin/../lib/gcc/arm-none-eabi/4.8.4/armv6-m/crtend.o
                0x1ffff204                . = ALIGN (0x4)
                0x1ffff204                __data_end__ = .
                0x000063cc                __DATA_END = (__DATA_ROM + (__data_end__ - __data_start__))

.igot.plt       0x1ffff204        0x0 load address 0x000063cc
 .igot.plt      0x00000000        0x0 c:/freescale/kds_v3/toolchain/bin/../lib/gcc/arm-none-eabi/4.8.4/armv6-m/crtbegin.o

.bss            0x1ffff204     0x2168 load address 0x000063cc
                0x1ffff204                . = ALIGN (0x4)
                0x1ffff204                __START_BSS = .
                0x1ffff204                __bss_start__ = .
 *(.bss)
 .bss           0x1ffff204       0x1c c:/freescale/kds_v3/toolchain/bin/../lib/gcc/arm-none-eabi/4.8.4/armv6-m/crtbegin.o
 *(.bss*)
 .bss.ucHeap    0x1ffff220     0x1f9c ./Sources/FreeRTOS/src/heap_2.o
 .bss.xStart    0x200011bc        0x8 ./Sources/FreeRTOS/src/heap_2.o
 .bss.xEnd      0x200011c4        0x8 ./Sources/FreeRTOS/src/heap_2.o
 .bss.xHeapHasBeenInitialised.4589
                0x200011cc        0x4 ./Sources/FreeRTOS/src/heap_2.o
 .bss.pxCurrentTCB
                0x200011d0        0x4 ./Sources/FreeRTOS/src/tasks.o
                0x200011d0                pxCurrentTCB
 .bss.pxReadyTasksLists
                0x200011d4       0x78 ./Sources/FreeRTOS/src/tasks.o
 .bss.xDelayedTaskList1
                0x2000124c       0x14 ./Sources/FreeRTOS/src/tasks.o
 .bss.xDelayedTaskList2
                0x20001260       0x14 ./Sources/FreeRTOS/src/tasks.o
 .bss.pxDelayedTaskList
                0x20001274        0x4 ./Sources/FreeRTOS/src/tasks.o
 .bss.pxOverflowDelayedTaskList
                0x20001278        0x4 ./Sources/FreeRTOS/src/tasks.o
 .bss.xPendingReadyList
                0x2000127c       0x14 ./Sources/FreeRTOS/src/tasks.o
 .bss.xSuspendedTaskList
                0x20001290       0x14 ./Sources/FreeRTOS/src/tasks.o
 .bss.uxCurrentNumberOfTasks
                0x200012a4        0x4 ./Sources/FreeRTOS/src/tasks.o
 .bss.xTickCount
                0x200012a8        0x4 ./Sources/FreeRTOS/src/tasks.o
 .bss.uxTopReadyPriority
                0x200012ac        0x4 ./Sources/FreeRTOS/src/tasks.o
 .bss.xSchedulerRunning
                0x200012b0        0x4 ./Sources/FreeRTOS/src/tasks.o
 .bss.uxPendedTicks
                0x200012b4        0x4 ./Sources/FreeRTOS/src/tasks.o
 .bss.xYieldPending
                0x200012b8        0x4 ./Sources/FreeRTOS/src/tasks.o
 .bss.xNumOfOverflows
                0x200012bc        0x4 ./Sources/FreeRTOS/src/tasks.o
 .bss.uxTaskNumber
                0x200012c0        0x4 ./Sources/FreeRTOS/src/tasks.o
 .bss.uxSchedulerSuspended
                0x200012c4        0x4 ./Sources/FreeRTOS/src/tasks.o
 .bss.radek     0x200012c8        0x1 ./Sources/InfoDisp.o
                0x200012c8                radek
 *fill*         0x200012c9        0x3 
 .bss.SPI0_Ctrl
                0x200012cc       0x14 ./Sources/SPI_MKL25Z4.o
 .bss.smer      0x200012e0        0x4 ./Sources/main.o
                0x200012e0                smer
 .bss.stanice   0x200012e4        0x4 ./Sources/main.o
                0x200012e4                stanice
 .bss.posledniStanice
                0x200012e8        0x4 ./Sources/main.o
                0x200012e8                posledniStanice
 .bss.hodina10  0x200012ec        0x4 ./Sources/main.o
                0x200012ec                hodina10
 .bss.hodina1   0x200012f0        0x4 ./Sources/main.o
                0x200012f0                hodina1
 .bss.minuta10  0x200012f4        0x4 ./Sources/main.o
                0x200012f4                minuta10
 .bss.minuta1   0x200012f8        0x4 ./Sources/main.o
                0x200012f8                minuta1
 .bss.poziceHodiny
                0x200012fc        0x4 ./Sources/main.o
                0x200012fc                poziceHodiny
 .bss.G_Mutex   0x20001300        0x4 ./Sources/main.o
                0x20001300                G_Mutex
 .bss.pressed.6042
                0x20001304        0x4 ./Sources/main.o
 .bss.pressed2.6043
                0x20001308        0x4 ./Sources/main.o
 .bss.pressed3.6044
                0x2000130c        0x4 ./Sources/main.o
 .bss.__malloc_sbrk_start
                0x20001310        0x4 c:/freescale/kds_v3/toolchain/bin/../lib/gcc/arm-none-eabi/4.8.4/../../../../arm-none-eabi/lib/armv6-m\libg_s.a(lib_a-nano-mallocr.o)
                0x20001310                __malloc_sbrk_start
 .bss.__malloc_free_list
                0x20001314        0x4 c:/freescale/kds_v3/toolchain/bin/../lib/gcc/arm-none-eabi/4.8.4/../../../../arm-none-eabi/lib/armv6-m\libg_s.a(lib_a-nano-mallocr.o)
                0x20001314                __malloc_free_list
 .bss.heap_end.4246
                0x20001318        0x4 c:/freescale/kds_v3/toolchain/bin/../lib/gcc/arm-none-eabi/4.8.4/../../../../arm-none-eabi/lib/armv6-m\libnosys.a(sbrk.o)
 *(COMMON)
 COMMON         0x2000131c       0x4c ./Sources/main.o
                0x2000131c                textProVypis
                0x2000135c                textHodiny
                0x20001364                cisloLinky
 COMMON         0x20001368        0x4 c:/freescale/kds_v3/toolchain/bin/../lib/gcc/arm-none-eabi/4.8.4/../../../../arm-none-eabi/lib/armv6-m\libg_s.a(lib_a-reent.o)
                0x20001368                errno
                0x2000136c                . = ALIGN (0x4)
                0x2000136c                __bss_end__ = .
                0x2000136c                __END_BSS = .

.heap           0x2000136c      0x404 load address 0x00008534
                0x20001370                . = ALIGN (0x8)
 *fill*         0x2000136c        0x4 
                0x20001370                __end__ = .
                0x20001370                PROVIDE (end, .)
                0x20001370                __HeapBase = .
                0x20001770                . = (. + HEAP_SIZE)
 *fill*         0x20001370      0x400 
                0x20001770                __HeapLimit = .

.stack          0x20001770      0x400 load address 0x00008938
                0x20001770                . = ALIGN (0x8)
                0x20001b70                . = (. + STACK_SIZE)
 *fill*         0x20001770      0x400 
                0x20003000                __StackTop = (ORIGIN (m_data) + 0x4000)
                0x20002c00                __StackLimit = (__StackTop - STACK_SIZE)
                0x20003000                PROVIDE (__stack, __StackTop)

.ARM.attributes
                0x00000000       0x28
 *(.ARM.attributes)
 .ARM.attributes
                0x00000000       0x1e c:/freescale/kds_v3/toolchain/bin/../lib/gcc/arm-none-eabi/4.8.4/armv6-m/crti.o
 .ARM.attributes
                0x0000001e       0x2c c:/freescale/kds_v3/toolchain/bin/../lib/gcc/arm-none-eabi/4.8.4/armv6-m/crtbegin.o
 .ARM.attributes
                0x0000004a       0x1b c:/freescale/kds_v3/toolchain/bin/../lib/gcc/arm-none-eabi/4.8.4/../../../../arm-none-eabi/lib/armv6-m/crt0.o
 .ARM.attributes
                0x00000065       0x32 ./Sources/FreeRTOS/src/heap_2.o
 .ARM.attributes
                0x00000097       0x32 ./Sources/FreeRTOS/src/list.o
 .ARM.attributes
                0x000000c9       0x32 ./Sources/FreeRTOS/src/queue.o
 .ARM.attributes
                0x000000fb       0x32 ./Sources/FreeRTOS/src/tasks.o
 .ARM.attributes
                0x0000012d       0x32 ./Sources/FreeRTOS/port/port.o
 .ARM.attributes
                0x0000015f       0x1b ./Sources/FreeRTOS/startup_MKL25Z4.o
 .ARM.attributes
                0x0000017a       0x32 ./Sources/InfoDisp.o
 .ARM.attributes
                0x000001ac       0x32 ./Sources/SPI_MKL25Z4.o
 .ARM.attributes
                0x000001de       0x32 ./Sources/drv_gpio.o
 .ARM.attributes
                0x00000210       0x32 ./Sources/drv_lcd.o
 .ARM.attributes
                0x00000242       0x32 ./Sources/main.o
 .ARM.attributes
                0x00000274       0x32 ./Project_Settings/Startup_Code/system_MKL25Z4.o
 .ARM.attributes
                0x000002a6       0x32 ./KSDK/hal/fsl_spi_hal.o
 .ARM.attributes
                0x000002d8       0x1e c:/freescale/kds_v3/toolchain/bin/../lib/gcc/arm-none-eabi/4.8.4/armv6-m\libgcc.a(_udivsi3.o)
 .ARM.attributes
                0x000002f6       0x1e c:/freescale/kds_v3/toolchain/bin/../lib/gcc/arm-none-eabi/4.8.4/armv6-m\libgcc.a(_dvmd_tls.o)
 .ARM.attributes
                0x00000314       0x2c c:/freescale/kds_v3/toolchain/bin/../lib/gcc/arm-none-eabi/4.8.4/../../../../arm-none-eabi/lib/armv6-m\libg_s.a(lib_a-exit.o)
 .ARM.attributes
                0x00000340       0x2c c:/freescale/kds_v3/toolchain/bin/../lib/gcc/arm-none-eabi/4.8.4/../../../../arm-none-eabi/lib/armv6-m\libg_s.a(lib_a-impure.o)
 .ARM.attributes
                0x0000036c       0x2c c:/freescale/kds_v3/toolchain/bin/../lib/gcc/arm-none-eabi/4.8.4/../../../../arm-none-eabi/lib/armv6-m\libg_s.a(lib_a-init.o)
 .ARM.attributes
                0x00000398       0x2c c:/freescale/kds_v3/toolchain/bin/../lib/gcc/arm-none-eabi/4.8.4/../../../../arm-none-eabi/lib/armv6-m\libg_s.a(lib_a-memcpy-stub.o)
 .ARM.attributes
                0x000003c4       0x2c c:/freescale/kds_v3/toolchain/bin/../lib/gcc/arm-none-eabi/4.8.4/../../../../arm-none-eabi/lib/armv6-m\libg_s.a(lib_a-memset.o)
 .ARM.attributes
                0x000003f0       0x2c c:/freescale/kds_v3/toolchain/bin/../lib/gcc/arm-none-eabi/4.8.4/../../../../arm-none-eabi/lib/armv6-m\libg_s.a(lib_a-sprintf.o)
 .ARM.attributes
                0x0000041c       0x2c c:/freescale/kds_v3/toolchain/bin/../lib/gcc/arm-none-eabi/4.8.4/../../../../arm-none-eabi/lib/armv6-m\libg_s.a(lib_a-strcpy.o)
 .ARM.attributes
                0x00000448       0x2c c:/freescale/kds_v3/toolchain/bin/../lib/gcc/arm-none-eabi/4.8.4/../../../../arm-none-eabi/lib/armv6-m\libg_s.a(lib_a-strlen.o)
 .ARM.attributes
                0x00000474       0x2c c:/freescale/kds_v3/toolchain/bin/../lib/gcc/arm-none-eabi/4.8.4/../../../../arm-none-eabi/lib/armv6-m\libg_s.a(lib_a-svfprintf.o)
 .ARM.attributes
                0x000004a0       0x2c c:/freescale/kds_v3/toolchain/bin/../lib/gcc/arm-none-eabi/4.8.4/../../../../arm-none-eabi/lib/armv6-m\libg_s.a(lib_a-vfprintf_i.o)
 .ARM.attributes
                0x000004cc       0x2c c:/freescale/kds_v3/toolchain/bin/../lib/gcc/arm-none-eabi/4.8.4/../../../../arm-none-eabi/lib/armv6-m\libg_s.a(lib_a-findfp.o)
 .ARM.attributes
                0x000004f8       0x2c c:/freescale/kds_v3/toolchain/bin/../lib/gcc/arm-none-eabi/4.8.4/../../../../arm-none-eabi/lib/armv6-m\libg_s.a(lib_a-memchr-stub.o)
 .ARM.attributes
                0x00000524       0x2c c:/freescale/kds_v3/toolchain/bin/../lib/gcc/arm-none-eabi/4.8.4/../../../../arm-none-eabi/lib/armv6-m\libg_s.a(lib_a-memmove.o)
 .ARM.attributes
                0x00000550       0x2c c:/freescale/kds_v3/toolchain/bin/../lib/gcc/arm-none-eabi/4.8.4/../../../../arm-none-eabi/lib/armv6-m\libg_s.a(lib_a-nano-freer.o)
 .ARM.attributes
                0x0000057c       0x2c c:/freescale/kds_v3/toolchain/bin/../lib/gcc/arm-none-eabi/4.8.4/../../../../arm-none-eabi/lib/armv6-m\libg_s.a(lib_a-nano-mallocr.o)
 .ARM.attributes
                0x000005a8       0x2c c:/freescale/kds_v3/toolchain/bin/../lib/gcc/arm-none-eabi/4.8.4/../../../../arm-none-eabi/lib/armv6-m\libg_s.a(lib_a-nano-reallocr.o)
 .ARM.attributes
                0x000005d4       0x2c c:/freescale/kds_v3/toolchain/bin/../lib/gcc/arm-none-eabi/4.8.4/../../../../arm-none-eabi/lib/armv6-m\libg_s.a(lib_a-sbrkr.o)
 .ARM.attributes
                0x00000600       0x2c c:/freescale/kds_v3/toolchain/bin/../lib/gcc/arm-none-eabi/4.8.4/../../../../arm-none-eabi/lib/armv6-m\libg_s.a(lib_a-nano-msizer.o)
 .ARM.attributes
                0x0000062c       0x2c c:/freescale/kds_v3/toolchain/bin/../lib/gcc/arm-none-eabi/4.8.4/../../../../arm-none-eabi/lib/armv6-m\libg_s.a(lib_a-reent.o)
 .ARM.attributes
                0x00000658       0x2c c:/freescale/kds_v3/toolchain/bin/../lib/gcc/arm-none-eabi/4.8.4/../../../../arm-none-eabi/lib/armv6-m\libnosys.a(sbrk.o)
 .ARM.attributes
                0x00000684       0x2c c:/freescale/kds_v3/toolchain/bin/../lib/gcc/arm-none-eabi/4.8.4/../../../../arm-none-eabi/lib/armv6-m\libnosys.a(_exit.o)
 .ARM.attributes
                0x000006b0       0x2c c:/freescale/kds_v3/toolchain/bin/../lib/gcc/arm-none-eabi/4.8.4/armv6-m/crtend.o
 .ARM.attributes
                0x000006dc       0x1e c:/freescale/kds_v3/toolchain/bin/../lib/gcc/arm-none-eabi/4.8.4/armv6-m/crtn.o
                0x00000001                ASSERT ((__StackLimit >= __HeapLimit), region m_data overflowed with stack and heap)
OUTPUT(projekt_2.elf elf32-littlearm)

.debug_info     0x00000000     0x5e8b
 .debug_info    0x00000000      0x2dc ./Sources/FreeRTOS/src/heap_2.o
 .debug_info    0x000002dc      0x29d ./Sources/FreeRTOS/src/list.o
 .debug_info    0x00000579      0xa1d ./Sources/FreeRTOS/src/queue.o
 .debug_info    0x00000f96      0xe8d ./Sources/FreeRTOS/src/tasks.o
 .debug_info    0x00001e23      0x213 ./Sources/FreeRTOS/port/port.o
 .debug_info    0x00002036       0xb2 ./Sources/FreeRTOS/startup_MKL25Z4.o
 .debug_info    0x000020e8      0xc8d ./Sources/InfoDisp.o
 .debug_info    0x00002d75     0x13b0 ./Sources/SPI_MKL25Z4.o
 .debug_info    0x00004125      0x4f6 ./Sources/drv_gpio.o
 .debug_info    0x0000461b      0x68f ./Sources/drv_lcd.o
 .debug_info    0x00004caa      0x6b1 ./Sources/main.o
 .debug_info    0x0000535b      0x66b ./Project_Settings/Startup_Code/system_MKL25Z4.o
 .debug_info    0x000059c6      0x4c5 ./KSDK/hal/fsl_spi_hal.o

.debug_abbrev   0x00000000     0x138d
 .debug_abbrev  0x00000000      0x153 ./Sources/FreeRTOS/src/heap_2.o
 .debug_abbrev  0x00000153       0xbf ./Sources/FreeRTOS/src/list.o
 .debug_abbrev  0x00000212      0x189 ./Sources/FreeRTOS/src/queue.o
 .debug_abbrev  0x0000039b      0x21c ./Sources/FreeRTOS/src/tasks.o
 .debug_abbrev  0x000005b7      0x107 ./Sources/FreeRTOS/port/port.o
 .debug_abbrev  0x000006be       0x14 ./Sources/FreeRTOS/startup_MKL25Z4.o
 .debug_abbrev  0x000006d2      0x228 ./Sources/InfoDisp.o
 .debug_abbrev  0x000008fa      0x35c ./Sources/SPI_MKL25Z4.o
 .debug_abbrev  0x00000c56      0x18e ./Sources/drv_gpio.o
 .debug_abbrev  0x00000de4      0x1e0 ./Sources/drv_lcd.o
 .debug_abbrev  0x00000fc4      0x181 ./Sources/main.o
 .debug_abbrev  0x00001145      0x121 ./Project_Settings/Startup_Code/system_MKL25Z4.o
 .debug_abbrev  0x00001266      0x127 ./KSDK/hal/fsl_spi_hal.o

.debug_aranges  0x00000000      0x6b0
 .debug_aranges
                0x00000000       0x40 ./Sources/FreeRTOS/src/heap_2.o
 .debug_aranges
                0x00000040       0x40 ./Sources/FreeRTOS/src/list.o
 .debug_aranges
                0x00000080       0xd0 ./Sources/FreeRTOS/src/queue.o
 .debug_aranges
                0x00000150      0x150 ./Sources/FreeRTOS/src/tasks.o
 .debug_aranges
                0x000002a0       0x80 ./Sources/FreeRTOS/port/port.o
 .debug_aranges
                0x00000320       0x20 ./Sources/FreeRTOS/startup_MKL25Z4.o
 .debug_aranges
                0x00000340       0x70 ./Sources/InfoDisp.o
 .debug_aranges
                0x000003b0      0x120 ./Sources/SPI_MKL25Z4.o
 .debug_aranges
                0x000004d0       0x40 ./Sources/drv_gpio.o
 .debug_aranges
                0x00000510       0xd0 ./Sources/drv_lcd.o
 .debug_aranges
                0x000005e0       0x48 ./Sources/main.o
 .debug_aranges
                0x00000628       0x28 ./Project_Settings/Startup_Code/system_MKL25Z4.o
 .debug_aranges
                0x00000650       0x60 ./KSDK/hal/fsl_spi_hal.o

.debug_ranges   0x00000000      0x5d0
 .debug_ranges  0x00000000       0x30 ./Sources/FreeRTOS/src/heap_2.o
 .debug_ranges  0x00000030       0x30 ./Sources/FreeRTOS/src/list.o
 .debug_ranges  0x00000060       0xc0 ./Sources/FreeRTOS/src/queue.o
 .debug_ranges  0x00000120      0x140 ./Sources/FreeRTOS/src/tasks.o
 .debug_ranges  0x00000260       0x70 ./Sources/FreeRTOS/port/port.o
 .debug_ranges  0x000002d0       0x60 ./Sources/InfoDisp.o
 .debug_ranges  0x00000330      0x110 ./Sources/SPI_MKL25Z4.o
 .debug_ranges  0x00000440       0x30 ./Sources/drv_gpio.o
 .debug_ranges  0x00000470       0xc0 ./Sources/drv_lcd.o
 .debug_ranges  0x00000530       0x38 ./Sources/main.o
 .debug_ranges  0x00000568       0x18 ./Project_Settings/Startup_Code/system_MKL25Z4.o
 .debug_ranges  0x00000580       0x50 ./KSDK/hal/fsl_spi_hal.o

.debug_macro    0x00000000    0x12c2b
 .debug_macro   0x00000000      0x162 ./Sources/FreeRTOS/src/heap_2.o
 .debug_macro   0x00000162      0x143 ./Sources/FreeRTOS/src/list.o
 .debug_macro   0x000002a5      0x1bf ./Sources/FreeRTOS/src/queue.o
 .debug_macro   0x00000464      0x2a6 ./Sources/FreeRTOS/src/queue.o
 .debug_macro   0x0000070a       0x10 ./Sources/FreeRTOS/src/queue.o
 .debug_macro   0x0000071a       0x35 ./Sources/FreeRTOS/src/queue.o
 .debug_macro   0x0000074f       0xb0 ./Sources/FreeRTOS/src/queue.o
 .debug_macro   0x000007ff      0x1f8 ./Sources/FreeRTOS/src/tasks.o
 .debug_macro   0x000009f7       0x16 ./Sources/FreeRTOS/src/tasks.o
 .debug_macro   0x00000a0d      0x18f ./Sources/FreeRTOS/port/port.o
 .debug_macro   0x00000b9c       0xcf ./Sources/FreeRTOS/port/port.o
 .debug_macro   0x00000c6b       0x18 ./Sources/FreeRTOS/port/port.o
 .debug_macro   0x00000c83       0x46 ./Sources/FreeRTOS/port/port.o
 .debug_macro   0x00000cc9      0x256 ./Sources/InfoDisp.o
 .debug_macro   0x00000f1f       0x16 ./Sources/InfoDisp.o
 .debug_macro   0x00000f35       0x3a ./Sources/InfoDisp.o
 .debug_macro   0x00000f6f       0x3a ./Sources/InfoDisp.o
 .debug_macro   0x00000fa9       0x26 ./Sources/InfoDisp.o
 .debug_macro   0x00000fcf      0x306 ./Sources/InfoDisp.o
 .debug_macro   0x000012d5       0xb7 ./Sources/InfoDisp.o
 .debug_macro   0x0000138c     0x8439 ./Sources/InfoDisp.o
 .debug_macro   0x000097c5       0x16 ./Sources/InfoDisp.o
 .debug_macro   0x000097db       0x97 ./Sources/InfoDisp.o
 .debug_macro   0x00009872       0x10 ./Sources/InfoDisp.o
 .debug_macro   0x00009882       0xef ./Sources/InfoDisp.o
 .debug_macro   0x00009971       0x10 ./Sources/InfoDisp.o
 .debug_macro   0x00009981       0x22 ./Sources/InfoDisp.o
 .debug_macro   0x000099a3       0xbd ./Sources/InfoDisp.o
 .debug_macro   0x00009a60       0x16 ./Sources/InfoDisp.o
 .debug_macro   0x00009a76      0x14a ./Sources/InfoDisp.o
 .debug_macro   0x00009bc0       0x82 ./Sources/InfoDisp.o
 .debug_macro   0x00009c42       0x7c ./Sources/InfoDisp.o
 .debug_macro   0x00009cbe     0x764c ./Sources/InfoDisp.o
 .debug_macro   0x0001130a      0xe58 ./Sources/InfoDisp.o
 .debug_macro   0x00012162       0x22 ./Sources/InfoDisp.o
 .debug_macro   0x00012184       0x34 ./Sources/InfoDisp.o
 .debug_macro   0x000121b8      0x127 ./Sources/InfoDisp.o
 .debug_macro   0x000122df       0x10 ./Sources/InfoDisp.o
 .debug_macro   0x000122ef      0x1d9 ./Sources/SPI_MKL25Z4.o
 .debug_macro   0x000124c8       0x10 ./Sources/SPI_MKL25Z4.o
 .debug_macro   0x000124d8       0x74 ./Sources/SPI_MKL25Z4.o
 .debug_macro   0x0001254c       0x8c ./Sources/drv_gpio.o
 .debug_macro   0x000125d8       0x16 ./Sources/drv_gpio.o
 .debug_macro   0x000125ee      0x16b ./Sources/drv_lcd.o
 .debug_macro   0x00012759      0x20a ./Sources/main.o
 .debug_macro   0x00012963       0x1c ./Sources/main.o
 .debug_macro   0x0001297f       0x7e ./Sources/main.o
 .debug_macro   0x000129fd       0x7e ./Project_Settings/Startup_Code/system_MKL25Z4.o
 .debug_macro   0x00012a7b       0x4c ./Project_Settings/Startup_Code/system_MKL25Z4.o
 .debug_macro   0x00012ac7      0x164 ./KSDK/hal/fsl_spi_hal.o

.debug_line     0x00000000     0x4119
 .debug_line    0x00000000      0x402 ./Sources/FreeRTOS/src/heap_2.o
 .debug_line    0x00000402      0x3c5 ./Sources/FreeRTOS/src/list.o
 .debug_line    0x000007c7      0x880 ./Sources/FreeRTOS/src/queue.o
 .debug_line    0x00001047      0xadf ./Sources/FreeRTOS/src/tasks.o
 .debug_line    0x00001b26      0x39b ./Sources/FreeRTOS/port/port.o
 .debug_line    0x00001ec1       0xa7 ./Sources/FreeRTOS/startup_MKL25Z4.o
 .debug_line    0x00001f68      0x5c1 ./Sources/InfoDisp.o
 .debug_line    0x00002529      0x762 ./Sources/SPI_MKL25Z4.o
 .debug_line    0x00002c8b      0x27a ./Sources/drv_gpio.o
 .debug_line    0x00002f05      0x434 ./Sources/drv_lcd.o
 .debug_line    0x00003339      0x788 ./Sources/main.o
 .debug_line    0x00003ac1      0x29b ./Project_Settings/Startup_Code/system_MKL25Z4.o
 .debug_line    0x00003d5c      0x3bd ./KSDK/hal/fsl_spi_hal.o

.debug_str      0x00000000    0xa50de
 .debug_str     0x00000000     0x7228 ./Sources/FreeRTOS/src/heap_2.o
                               0x7424 (size before relaxing)
 .debug_str     0x00007228      0x16f ./Sources/FreeRTOS/src/list.o
                               0x71a6 (size before relaxing)
 .debug_str     0x00007397     0x1f7c ./Sources/FreeRTOS/src/queue.o
                               0x911b (size before relaxing)
 .debug_str     0x00009313     0x14ba ./Sources/FreeRTOS/src/tasks.o
                               0x95b0 (size before relaxing)
 .debug_str     0x0000a7cd      0x97f ./Sources/FreeRTOS/port/port.o
                               0x666f (size before relaxing)
 .debug_str     0x0000b14c    0x97ec2 ./Sources/InfoDisp.o
                              0x9c6f6 (size before relaxing)
 .debug_str     0x000a300e      0xacd ./Sources/SPI_MKL25Z4.o
                              0x9d3a0 (size before relaxing)
 .debug_str     0x000a3adb      0x105 ./Sources/drv_gpio.o
                              0x32440 (size before relaxing)
 .debug_str     0x000a3be0      0x865 ./Sources/drv_lcd.o
                              0x32b9a (size before relaxing)
 .debug_str     0x000a4445      0x94d ./Sources/main.o
                              0x39169 (size before relaxing)
 .debug_str     0x000a4d92       0xf6 ./Project_Settings/Startup_Code/system_MKL25Z4.o
                              0x325c2 (size before relaxing)
 .debug_str     0x000a4e88      0x256 ./KSDK/hal/fsl_spi_hal.o
                              0x9aca2 (size before relaxing)

.comment        0x00000000       0x70
 .comment       0x00000000       0x70 ./Sources/FreeRTOS/src/heap_2.o
                                 0x71 (size before relaxing)
 .comment       0x00000000       0x71 ./Sources/FreeRTOS/src/list.o
 .comment       0x00000000       0x71 ./Sources/FreeRTOS/src/queue.o
 .comment       0x00000000       0x71 ./Sources/FreeRTOS/src/tasks.o
 .comment       0x00000000       0x71 ./Sources/FreeRTOS/port/port.o
 .comment       0x00000000       0x71 ./Sources/InfoDisp.o
 .comment       0x00000000       0x71 ./Sources/SPI_MKL25Z4.o
 .comment       0x00000000       0x71 ./Sources/drv_gpio.o
 .comment       0x00000000       0x71 ./Sources/drv_lcd.o
 .comment       0x00000000       0x71 ./Sources/main.o
 .comment       0x00000000       0x71 ./Project_Settings/Startup_Code/system_MKL25Z4.o
 .comment       0x00000000       0x71 ./KSDK/hal/fsl_spi_hal.o

.debug_frame    0x00000000     0x1ae8
 .debug_frame   0x00000000       0xa8 ./Sources/FreeRTOS/src/heap_2.o
 .debug_frame   0x000000a8       0xb0 ./Sources/FreeRTOS/src/list.o
 .debug_frame   0x00000158      0x2f0 ./Sources/FreeRTOS/src/queue.o
 .debug_frame   0x00000448      0x4dc ./Sources/FreeRTOS/src/tasks.o
 .debug_frame   0x00000924      0x16c ./Sources/FreeRTOS/port/port.o
 .debug_frame   0x00000a90      0x170 ./Sources/InfoDisp.o
 .debug_frame   0x00000c00      0x420 ./Sources/SPI_MKL25Z4.o
 .debug_frame   0x00001020       0xac ./Sources/drv_gpio.o
 .debug_frame   0x000010cc      0x2cc ./Sources/drv_lcd.o
 .debug_frame   0x00001398       0xd4 ./Sources/main.o
 .debug_frame   0x0000146c       0x4c ./Project_Settings/Startup_Code/system_MKL25Z4.o
 .debug_frame   0x000014b8      0x130 ./KSDK/hal/fsl_spi_hal.o
 .debug_frame   0x000015e8       0x20 c:/freescale/kds_v3/toolchain/bin/../lib/gcc/arm-none-eabi/4.8.4/armv6-m\libgcc.a(_udivsi3.o)
 .debug_frame   0x00001608       0x28 c:/freescale/kds_v3/toolchain/bin/../lib/gcc/arm-none-eabi/4.8.4/../../../../arm-none-eabi/lib/armv6-m\libg_s.a(lib_a-exit.o)
 .debug_frame   0x00001630       0x2c c:/freescale/kds_v3/toolchain/bin/../lib/gcc/arm-none-eabi/4.8.4/../../../../arm-none-eabi/lib/armv6-m\libg_s.a(lib_a-init.o)
 .debug_frame   0x0000165c       0x28 c:/freescale/kds_v3/toolchain/bin/../lib/gcc/arm-none-eabi/4.8.4/../../../../arm-none-eabi/lib/armv6-m\libg_s.a(lib_a-memcpy-stub.o)
 .debug_frame   0x00001684       0x20 c:/freescale/kds_v3/toolchain/bin/../lib/gcc/arm-none-eabi/4.8.4/../../../../arm-none-eabi/lib/armv6-m\libg_s.a(lib_a-memset.o)
 .debug_frame   0x000016a4       0x4c c:/freescale/kds_v3/toolchain/bin/../lib/gcc/arm-none-eabi/4.8.4/../../../../arm-none-eabi/lib/armv6-m\libg_s.a(lib_a-sprintf.o)
 .debug_frame   0x000016f0       0x20 c:/freescale/kds_v3/toolchain/bin/../lib/gcc/arm-none-eabi/4.8.4/../../../../arm-none-eabi/lib/armv6-m\libg_s.a(lib_a-strcpy.o)
 .debug_frame   0x00001710       0x20 c:/freescale/kds_v3/toolchain/bin/../lib/gcc/arm-none-eabi/4.8.4/../../../../arm-none-eabi/lib/armv6-m\libg_s.a(lib_a-strlen.o)
 .debug_frame   0x00001730       0x74 c:/freescale/kds_v3/toolchain/bin/../lib/gcc/arm-none-eabi/4.8.4/../../../../arm-none-eabi/lib/armv6-m\libg_s.a(lib_a-svfprintf.o)
 .debug_frame   0x000017a4       0x54 c:/freescale/kds_v3/toolchain/bin/../lib/gcc/arm-none-eabi/4.8.4/../../../../arm-none-eabi/lib/armv6-m\libg_s.a(lib_a-vfprintf_i.o)
 .debug_frame   0x000017f8      0x148 c:/freescale/kds_v3/toolchain/bin/../lib/gcc/arm-none-eabi/4.8.4/../../../../arm-none-eabi/lib/armv6-m\libg_s.a(lib_a-findfp.o)
 .debug_frame   0x00001940       0x20 c:/freescale/kds_v3/toolchain/bin/../lib/gcc/arm-none-eabi/4.8.4/../../../../arm-none-eabi/lib/armv6-m\libg_s.a(lib_a-memchr-stub.o)
 .debug_frame   0x00001960       0x2c c:/freescale/kds_v3/toolchain/bin/../lib/gcc/arm-none-eabi/4.8.4/../../../../arm-none-eabi/lib/armv6-m\libg_s.a(lib_a-memmove.o)
 .debug_frame   0x0000198c       0x2c c:/freescale/kds_v3/toolchain/bin/../lib/gcc/arm-none-eabi/4.8.4/../../../../arm-none-eabi/lib/armv6-m\libg_s.a(lib_a-nano-freer.o)
 .debug_frame   0x000019b8       0x2c c:/freescale/kds_v3/toolchain/bin/../lib/gcc/arm-none-eabi/4.8.4/../../../../arm-none-eabi/lib/armv6-m\libg_s.a(lib_a-nano-mallocr.o)
 .debug_frame   0x000019e4       0x30 c:/freescale/kds_v3/toolchain/bin/../lib/gcc/arm-none-eabi/4.8.4/../../../../arm-none-eabi/lib/armv6-m\libg_s.a(lib_a-nano-reallocr.o)
 .debug_frame   0x00001a14       0x2c c:/freescale/kds_v3/toolchain/bin/../lib/gcc/arm-none-eabi/4.8.4/../../../../arm-none-eabi/lib/armv6-m\libg_s.a(lib_a-sbrkr.o)
 .debug_frame   0x00001a40       0x20 c:/freescale/kds_v3/toolchain/bin/../lib/gcc/arm-none-eabi/4.8.4/../../../../arm-none-eabi/lib/armv6-m\libg_s.a(lib_a-nano-msizer.o)
 .debug_frame   0x00001a60       0x48 c:/freescale/kds_v3/toolchain/bin/../lib/gcc/arm-none-eabi/4.8.4/../../../../arm-none-eabi/lib/armv6-m\libg_s.a(lib_a-reent.o)
 .debug_frame   0x00001aa8       0x20 c:/freescale/kds_v3/toolchain/bin/../lib/gcc/arm-none-eabi/4.8.4/../../../../arm-none-eabi/lib/armv6-m\libnosys.a(sbrk.o)
 .debug_frame   0x00001ac8       0x20 c:/freescale/kds_v3/toolchain/bin/../lib/gcc/arm-none-eabi/4.8.4/../../../../arm-none-eabi/lib/armv6-m\libnosys.a(_exit.o)

.stabstr        0x00000000      0x1b9
 .stabstr       0x00000000      0x1b9 c:/freescale/kds_v3/toolchain/bin/../lib/gcc/arm-none-eabi/4.8.4/../../../../arm-none-eabi/lib/armv6-m\libnosys.a(close.o)
